export const snapshot = {};

snapshot[`Issue Comment Add Command - With Body Flag 1`] = `
stdout:
"✓ Comment added to TEST-123
https://linear.app/issue/TEST-123#comment-uuid-456
"
stderr:
""
`;

snapshot[`Issue Comment Add Command - JSON Output 1`] = `
stdout:
'{
  "id": "comment-uuid-789",
  "body": "Another test comment",
  "createdAt": "2024-01-15T11:30:00Z",
  "url": "https://linear.app/issue/TEST-456#comment-uuid-789",
  "user": {
    "name": "testuser",
    "displayName": "Test User"
  }
}
'
stderr:
""
`;
