export const snapshot = {};

snapshot[`Issue Comment Reply Command - With Body Flag 1`] = `
stdout:
"✓ Reply added
https://linear.app/issue/TEST-123#comment-uuid-reply-456
"
stderr:
""
`;

snapshot[`Issue Comment Reply Command - JSON Output 1`] = `
stdout:
'{
  "id": "comment-uuid-reply-789",
  "body": "Thanks for the feedback",
  "createdAt": "2024-01-15T13:30:00Z",
  "url": "https://linear.app/issue/TEST-456#comment-uuid-reply-789",
  "user": {
    "name": "testuser",
    "displayName": "Test User"
  }
}
'
stderr:
""
`;
