export const snapshot = {};

snapshot[`Issue Describe Command - Help Text 1`] = `
stdout:
"
Usage: describe [issueId]

Description:

  Print the issue title and Linear-issue trailer

Options:

  -h, --help               - Show this help.                                                
  -r, --references, --ref  - Use 'References' instead of 'Fixes' for the Linear issue link  

"
stderr:
""
`;

snapshot[`Issue Describe Command - With Mock Server 1`] = `
stdout:
"TEST-123 Fix authentication bug in login flow

Linear-issue: Fixes TEST-123
Linear-issue-url: https://linear.app/test-team/issue/TEST-123/fix-authentication-bug-in-login-flow
"
stderr:
""
`;

snapshot[`Issue Describe Command - With References Flag 1`] = `
stdout:
"TEST-456 Update user profile page

Linear-issue: References TEST-456
Linear-issue-url: https://linear.app/test-team/issue/TEST-456/update-user-profile-page
"
stderr:
""
`;

snapshot[`Issue Describe Command - Issue Not Found 1`] = `
stdout:
'Error: Issue not found: TEST-999: {"response":{"errors":[{"message":"Issue not found: TEST-999","extensions":{"code":"NOT_FOUND"}}],"status":200,"headers":{}},"request":{"query":"query GetIssueDetails(\$id: String!) {\\\\n  issue(id: \$id) {\\\\n    title\\\\n    description\\\\n    url\\\\n    branchName\\\\n    state {\\\\n      name\\\\n      color\\\\n    }\\\\n    parent {\\\\n      identifier\\\\n      title\\\\n      state {\\\\n        name\\\\n        color\\\\n      }\\\\n    }\\\\n    children {\\\\n      nodes {\\\\n        identifier\\\\n        title\\\\n        state {\\\\n          name\\\\n          color\\\\n        }\\\\n      }\\\\n    }\\\\n  }\\\\n}","variables":{"id":"TEST-999"}}}
'
stderr:
"✗ Failed to fetch issue details
"
`;
